../Core/Src/accmeter_control.c:6:7:AbsFloat	16	static
../Core/Src/accmeter_control.c:18:6:WriteData	64	dynamic
../Core/Src/accmeter_control.c:79:6:MeterInit	16	static
../Core/Src/accmeter_control.c:92:20:GetScaledData	48	static
../Core/Src/accmeter_control.c:102:6:MeterCalibrate	8	static
../Core/Src/accmeter_control.c:109:6:SimulatorLedControl	32	static
../Core/Src/accmeter_control.c:204:14:Simulator	136	static
../Core/Src/accmeter_control.c:268:6:StartSimulator	96	static
../Core/Src/accmeter_control.c:289:6:ResetSimulator	120	static
