../Drivers/CMSIS/Include/core_cm4.h:1684:22:__NVIC_EnableIRQ	16	static,ignoring_inline_asm
../Core/Src/main.c:73:10:FlashWrite	24	static
../Core/Src/main.c:112:6:FlashRead	24	static
../Core/Src/main.c:126:6:TIM_IRQ_Handler	24	static
../Core/Src/main.c:153:6:HAL_ADC_ConvCpltCallback	16	static
../Core/Src/main.c:164:5:main	16	static
../Core/Src/main.c:226:6:SystemClock_Config	88	static
../Core/Src/main.c:272:13:MX_ADC1_Init	24	static
../Core/Src/main.c:324:13:MX_TIM10_Init	8	static
../Core/Src/main.c:360:13:MX_USART2_UART_Init	8	static
../Core/Src/main.c:391:13:MX_DMA_Init	16	static
../Core/Src/main.c:409:13:MX_GPIO_Init	40	static
../Core/Src/main.c:442:6:Error_Handler	4	static,ignoring_inline_asm
