../Core/Src/main.c:70:6:SendDefTask	40	static
../Core/Src/main.c:76:6:SendTask2	40	static
../Core/Src/main.c:82:6:SendTask3	40	static
../Core/Src/main.c:94:5:main	104	static
../Core/Src/main.c:181:6:SystemClock_Config	88	static
../Core/Src/main.c:227:13:MX_USART2_UART_Init	8	static
../Core/Src/main.c:260:13:MX_GPIO_Init	40	static
../Core/Src/main.c:287:6:Task3_init	16	static
../Core/Src/main.c:307:6:StartDefaultTask	16	static
../Core/Src/main.c:327:6:Task2_init	16	static
../Core/Src/main.c:348:6:HAL_TIM_PeriodElapsedCallback	16	static
../Core/Src/main.c:365:6:Error_Handler	4	static,ignoring_inline_asm
