../Core/Src/main.c:114:6:setPWM_Freq	24	static
../Core/Src/main.c:124:6:setPWM_DutyCycle	24	static
../Core/Src/main.c:133:6:HAL_UART_RxCpltCallback	16	static
../Core/Src/main.c:140:6:HAL_UART_TxCpltCallback	16	static
../Core/Src/main.c:146:13:Led_GPIO_OutputInit	32	static
../Core/Src/main.c:159:13:Led_TIM_OutputInit	40	static
../Core/Src/main.c:177:6:LedControl	104	static
../Core/Src/main.c:282:6:LinkedListControl	136	static
../Core/Src/main.c:506:5:main	8	static
../Core/Src/main.c:594:6:SystemClock_Config	88	static
../Core/Src/main.c:635:13:MX_ADC1_Init	24	static
../Core/Src/main.c:693:13:MX_TIM2_Init	64	static
../Core/Src/main.c:752:13:MX_USART2_UART_Init	8	static
../Core/Src/main.c:788:13:MX_GPIO_Init	56	static
../Core/Src/main.c:819:6:Error_Handler	8	static,ignoring_inline_asm
